******************************************************************************
                  TI ARM Linker PC v20.2.7                     
******************************************************************************
>> Linked Wed Oct 11 00:51:31 2023

OUTPUT FILE NAME:   <Can_Send.out>
ENTRY POINT SYMBOL: "_c_int00_noargs"  address: 00000dbd


MEMORY CONFIGURATION

         name            origin    length      used     unused   attr    fill
----------------------  --------  ---------  --------  --------  ----  --------
  FLASH                 00000000   00040000  00002806  0003d7fa  R  X
  SRAM                  20000000   00008000  000027b2  0000584e  RW X


SEGMENT ALLOCATION MAP

run origin  load origin   length   init length attrs members
----------  ----------- ---------- ----------- ----- -------
00000000    00000000    00002808   00002808    r-x
  00000000    00000000    0000026c   0000026c    r-- .intvecs
  0000026c    0000026c    00000ce2   00000ce2    r-x .text
  00000f50    00000f50    00000138   00000138    r-- .const
  00001088    00001088    00001780   00001780    r-- .cinit
20000000    20000000    000027b8   00000000    rw-
  20000000    20000000    0000026c   00000000    rw- .vtable
  2000026c    2000026c    00002346   00000000    rw- .data
  200025b8    200025b8    00000200   00000000    rw- .stack


SECTION ALLOCATION MAP

 output                                  attributes/
section   page    origin      length       input sections
--------  ----  ----------  ----------   ----------------
.intvecs   0    00000000    0000026c     
                  00000000    0000026c     tm4c123gh6pm_startup_ccs.obj (.intvecs)

.text      0    0000026c    00000ce2     
                  0000026c    0000018c     App.obj (.text)
                  000003f8    0000016c     driverlib.lib : gpio.obj (.text:GPIOPadConfigSet)
                  00000564    00000130                   : can.obj (.text:CANMessageSet)
                  00000694    00000118                   : sysctl.obj (.text:SysCtlClockGet)
                  000007ac    000000f4                   : sysctl.obj (.text:SysCtlClockSet)
                  000008a0    000000e4     main.obj (.text)
                  00000984    0000009c     rtsv7M4_T_le_v4SPD16_eabi.lib : memcpy_t2.asm.obj (.text)
                  00000a20    0000006c     driverlib.lib : can.obj (.text:CANBitRateSet)
                  00000a8c    00000068                   : interrupt.obj (.text:IntEnable)
                  00000af4    00000068     rtsv7M4_T_le_v4SPD16_eabi.lib : copy_decompress_lzss.c.obj (.text:decompress:lzss:__TI_decompress_lzss)
                  00000b5c    0000005c     driverlib.lib : can.obj (.text:_CANIntNumberGet)
                  00000bb8    00000058                   : gpio.obj (.text:GPIOIntTypeSet)
                  00000c10    0000004c                   : gpio.obj (.text:GPIOPinConfigure)
                  00000c5c    00000044     rtsv7M4_T_le_v4SPD16_eabi.lib : autoinit.c.obj (.text:__TI_auto_init_nobinit_nopinit:__TI_auto_init_nobinit_nopinit)
                  00000ca0    00000040     driverlib.lib : can.obj (.text:CANStatusGet)
                  00000ce0    0000003a                   : can.obj (.text:CANInit)
                  00000d1a    00000002     --HOLE-- [fill = 0]
                  00000d1c    00000038                   : sysctl.obj (.text:SysCtlPeripheralReady)
                  00000d54    00000034                   : interrupt.obj (.text:IntRegister)
                  00000d88    00000034                   : sysctl.obj (.text:SysCtlPeripheralEnable)
                  00000dbc    00000034     rtsv7M4_T_le_v4SPD16_eabi.lib : boot_cortex_m.c.obj (.text:_c_int00_noargs:_c_int00_noargs)
                  00000df0    0000002c     driverlib.lib : gpio.obj (.text:GPIODirModeSet)
                  00000e1c    00000024                   : can.obj (.text:_CANDataRegWrite)
                  00000e40    00000022                   : can.obj (.text:CANIntClear)
                  00000e62    00000020                   : can.obj (.text:CANIntStatus)
                  00000e82    0000001c     rtsv7M4_T_le_v4SPD16_eabi.lib : copy_zero_init.c.obj (.text:decompress:ZI:__TI_zero_init_nomemset:__TI_zero_init_nomemset)
                  00000e9e    0000001a     driverlib.lib : gpio.obj (.text:GPIOPinTypeGPIOOutput)
                  00000eb8    00000018                   : can.obj (.text:CANIntRegister)
                  00000ed0    00000016                   : gpio.obj (.text:GPIOPinTypeCAN)
                  00000ee6    00000016                   : gpio.obj (.text:GPIOPinTypeGPIOInput)
                  00000efc    0000000e     rtsv7M4_T_le_v4SPD16_eabi.lib : copy_decompress_none.c.obj (.text:decompress:none:__TI_decompress_none)
                  00000f0a    0000000c     driverlib.lib : gpio.obj (.text:GPIOIntEnable)
                  00000f16    0000000c     tm4c123gh6pm_startup_ccs.obj (.text)
                  00000f22    0000000a     driverlib.lib : can.obj (.text:CANEnable)
                  00000f2c    00000008                   : can.obj (.text:CANIntEnable)
                  00000f34    00000006                   : gpio.obj (.text:GPIOIntClear)
                  00000f3a    00000006                   : gpio.obj (.text:GPIOPinWrite)
                  00000f40    00000006                   : sysctl.obj (.text:SysCtlDelay)
                  00000f46    00000004     rtsv7M4_T_le_v4SPD16_eabi.lib : pre_init.c.obj (.text:_system_pre_init)
                  00000f4a    00000004                                   : exit.c.obj (.text:abort:abort)

.const     0    00000f50    00000138     
                  00000f50    00000090     driverlib.lib : gpio.obj (.const:g_pui32GPIOBaseAddrs)
                  00000fe0    0000006c                   : sysctl.obj (.const:g_pui32Xtals)
                  0000104c    00000020                   : can.obj (.const:g_ui16CANBitValues)
                  0000106c    00000014                   : interrupt.obj (.const:g_pui32EnRegs)
                  00001080    00000008     main.obj (.const:.string:$P$T0$1)

.cinit     0    00001088    00001780     
                  00001088    0000175b     (.cinit..data.load) [load image, compression = lzss]
                  000027e3    00000001     --HOLE-- [fill = 0]
                  000027e4    0000000c     (__TI_handler_table)
                  000027f0    00000008     (.cinit..vtable.load) [load image, compression = zero_init]
                  000027f8    00000010     (__TI_cinit_table)

.init_array 
*          0    00000000    00000000     UNINITIALIZED

.vtable    0    20000000    0000026c     UNINITIALIZED
                  20000000    0000026c     driverlib.lib : interrupt.obj (.vtable)

.data      0    2000026c    00002346     UNINITIALIZED
                  2000026c    00002340     main.obj (.data:FLash1_image_0)
                  200025ac    00000005     App.obj (.data)
                  200025b1    00000001     main.obj (.data)

.stack     0    200025b8    00000200     UNINITIALIZED
                  200025b8    00000004     rtsv7M4_T_le_v4SPD16_eabi.lib : boot_cortex_m.c.obj (.stack)
                  200025bc    000001fc     --HOLE--

__llvm_prf_cnts 
*          0    20000000    00000000     UNINITIALIZED

MODULE SUMMARY

       Module                         code   ro data   rw data
       ------                         ----   -------   -------
    .\
       main.obj                       228    8         9025   
       tm4c123gh6pm_startup_ccs.obj   12     620       0      
    +--+------------------------------+------+---------+---------+
       Total:                         240    628       9025   
                                                              
    .\App\
       App.obj                        396    0         5      
    +--+------------------------------+------+---------+---------+
       Total:                         396    0         5      
                                                              
    C:/ti/TivaWare_C_Series-2.2.0.295/driverlib/ccs/Debug/driverlib.lib
       gpio.obj                       666    144       0      
       can.obj                        770    32        0      
       interrupt.obj                  156    20        620    
       sysctl.obj                     638    108       0      
    +--+------------------------------+------+---------+---------+
       Total:                         2230   304       620    
                                                              
    C:\ti\ccs1240\ccs\tools\compiler\ti-cgt-arm_20.2.7.LTS\lib\rtsv7M4_T_le_v4SPD16_eabi.lib
       memcpy_t2.asm.obj              156    0         0      
       copy_decompress_lzss.c.obj     104    0         0      
       autoinit.c.obj                 68     0         0      
       boot_cortex_m.c.obj            52     0         0      
       copy_zero_init.c.obj           28     0         0      
       copy_decompress_none.c.obj     14     0         0      
       exit.c.obj                     4      0         0      
       pre_init.c.obj                 4      0         0      
    +--+------------------------------+------+---------+---------+
       Total:                         430    0         0      
                                                              
       Stack:                         0      0         512    
       Linker Generated:              0      6015      0      
    +--+------------------------------+------+---------+---------+
       Grand Total:                   3296   6947      10162  


LINKER GENERATED COPY TABLES

__TI_cinit_table @ 000027f8 records: 2, size/record: 8, table size: 16
	.data: load addr=00001088, load size=0000175b bytes, run addr=2000026c, run size=00002346 bytes, compression=lzss
	.vtable: load addr=000027f0, load size=00000008 bytes, run addr=20000000, run size=0000026c bytes, compression=zero_init


LINKER GENERATED HANDLER TABLE

__TI_handler_table @ 000027e4 records: 3, size/record: 4, table size: 12
	index: 0, handler: __TI_zero_init
	index: 1, handler: __TI_decompress_lzss
	index: 2, handler: __TI_decompress_none


GLOBAL SYMBOLS: SORTED ALPHABETICALLY BY Name 

address   name                          
-------   ----                          
00000f4b  C$$EXIT                       
00000a21  CANBitRateSet                 
00000f23  CANEnable                     
00000ce1  CANInit                       
00000e41  CANIntClear                   
00000f2d  CANIntEnable                  
00000353  CANIntHandler                 
00000eb9  CANIntRegister                
00000e63  CANIntStatus                  
00000565  CANMessageSet                 
00000ca1  CANStatusGet                  
00000313  CAN_MessageInit               
000003af  CAN_receiveData               
00000399  CAN_sendData                  
000002b9  Can_Init                      
2000026c  FLash1_image_0                
00000df1  GPIODirModeSet                
000008a1  GPIOFIntHandler               
00000f35  GPIOIntClear                  
00000f0b  GPIOIntEnable                 
00000bb9  GPIOIntTypeSet                
000003f9  GPIOPadConfigSet              
00000c11  GPIOPinConfigure              
00000ed1  GPIOPinTypeCAN                
00000ee7  GPIOPinTypeGPIOInput          
00000e9f  GPIOPinTypeGPIOOutput         
00000f3b  GPIOPinWrite                  
00000a8d  IntEnable                     
00000d55  IntRegister                   
00000f17  ResetISR                      
00000341  SimpleDelay                   
00000695  SysCtlClockGet                
000007ad  SysCtlClockSet                
00000f41  SysCtlDelay                   
00000d89  SysCtlPeripheralEnable        
00000d1d  SysCtlPeripheralReady         
200027b8  __STACK_END                   
00000200  __STACK_SIZE                  
200027b8  __STACK_TOP                   
000027f8  __TI_CINIT_Base               
00002808  __TI_CINIT_Limit              
000027e4  __TI_Handler_Table_Base       
000027f0  __TI_Handler_Table_Limit      
00000c5d  __TI_auto_init_nobinit_nopinit
00000af5  __TI_decompress_lzss          
00000efd  __TI_decompress_none          
ffffffff  __TI_pprof_out_hndl           
ffffffff  __TI_prof_data_size           
ffffffff  __TI_prof_data_start          
00000000  __TI_static_base__            
00000e83  __TI_zero_init_nomemset       
00000985  __aeabi_memcpy                
00000985  __aeabi_memcpy4               
00000985  __aeabi_memcpy8               
ffffffff  __binit__                     
ffffffff  __c_args__                    
UNDEFED   __mpu_init                    
200025b8  __stack                       
20000000  __start___llvm_prf_cnts       
20000000  __stop___llvm_prf_cnts        
00000dbd  _c_int00_noargs               
UNDEFED   _system_post_cinit            
00000f47  _system_pre_init              
00000f4b  abort                         
ffffffff  binit                         
200025b0  g_bErrFlag                    
20000000  g_pfnRAMVectors               
00000000  g_pfnVectors                  
200025ac  g_ui32MsgCount                
000008b3  main                          
00000985  memcpy                        
200025b1  sendFirmware_flag             
0000026d  system_Config                 


GLOBAL SYMBOLS: SORTED BY Symbol Address 

address   name                          
-------   ----                          
00000000  __TI_static_base__            
00000000  g_pfnVectors                  
00000200  __STACK_SIZE                  
0000026d  system_Config                 
000002b9  Can_Init                      
00000313  CAN_MessageInit               
00000341  SimpleDelay                   
00000353  CANIntHandler                 
00000399  CAN_sendData                  
000003af  CAN_receiveData               
000003f9  GPIOPadConfigSet              
00000565  CANMessageSet                 
00000695  SysCtlClockGet                
000007ad  SysCtlClockSet                
000008a1  GPIOFIntHandler               
000008b3  main                          
00000985  __aeabi_memcpy                
00000985  __aeabi_memcpy4               
00000985  __aeabi_memcpy8               
00000985  memcpy                        
00000a21  CANBitRateSet                 
00000a8d  IntEnable                     
00000af5  __TI_decompress_lzss          
00000bb9  GPIOIntTypeSet                
00000c11  GPIOPinConfigure              
00000c5d  __TI_auto_init_nobinit_nopinit
00000ca1  CANStatusGet                  
00000ce1  CANInit                       
00000d1d  SysCtlPeripheralReady         
00000d55  IntRegister                   
00000d89  SysCtlPeripheralEnable        
00000dbd  _c_int00_noargs               
00000df1  GPIODirModeSet                
00000e41  CANIntClear                   
00000e63  CANIntStatus                  
00000e83  __TI_zero_init_nomemset       
00000e9f  GPIOPinTypeGPIOOutput         
00000eb9  CANIntRegister                
00000ed1  GPIOPinTypeCAN                
00000ee7  GPIOPinTypeGPIOInput          
00000efd  __TI_decompress_none          
00000f0b  GPIOIntEnable                 
00000f17  ResetISR                      
00000f23  CANEnable                     
00000f2d  CANIntEnable                  
00000f35  GPIOIntClear                  
00000f3b  GPIOPinWrite                  
00000f41  SysCtlDelay                   
00000f47  _system_pre_init              
00000f4b  C$$EXIT                       
00000f4b  abort                         
000027e4  __TI_Handler_Table_Base       
000027f0  __TI_Handler_Table_Limit      
000027f8  __TI_CINIT_Base               
00002808  __TI_CINIT_Limit              
20000000  __start___llvm_prf_cnts       
20000000  __stop___llvm_prf_cnts        
20000000  g_pfnRAMVectors               
2000026c  FLash1_image_0                
200025ac  g_ui32MsgCount                
200025b0  g_bErrFlag                    
200025b1  sendFirmware_flag             
200025b8  __stack                       
200027b8  __STACK_END                   
200027b8  __STACK_TOP                   
ffffffff  __TI_pprof_out_hndl           
ffffffff  __TI_prof_data_size           
ffffffff  __TI_prof_data_start          
ffffffff  __binit__                     
ffffffff  __c_args__                    
ffffffff  binit                         
UNDEFED   __mpu_init                    
UNDEFED   _system_post_cinit            

[73 symbols]
