******************************************************************************
                  TI ARM Linker PC v20.2.7                     
******************************************************************************
>> Linked Wed Oct 11 00:41:15 2023

OUTPUT FILE NAME:   <FLash1.out>
ENTRY POINT SYMBOL: "_c_int00_noargs"  address: 0002103d


MEMORY CONFIGURATION

         name            origin    length      used     unused   attr    fill
----------------------  --------  ---------  --------  --------  ----  --------
  FLASH                 00020000   00040000  000013b2  0003ec4e  R  X
  SRAM                  20000000   00008000  000027d6  0000582a  RW X


SEGMENT ALLOCATION MAP

run origin  load origin   length   init length attrs members
----------  ----------- ---------- ----------- ----- -------
00020000    00020000    000013b8   000013b8    r-x
  00020000    00020000    0000026c   0000026c    r-- .intvecs
  0002026c    0002026c    00000fd6   00000fd6    r-x .text
  00021244    00021244    00000130   00000130    r-- .const
  00021378    00021378    00000040   00000040    r-- .cinit
20000000    20000000    000027d6   00000000    rw-
  20000000    20000000    0000026c   00000000    rw- .vtable
  2000026c    2000026c    0000235c   00000000    rw- .bss
  200025c8    200025c8    00000200   00000000    rw- .stack
  200027c8    200027c8    0000000e   00000000    rw- .data


SECTION ALLOCATION MAP

 output                                  attributes/
section   page    origin      length       input sections
--------  ----  ----------  ----------   ----------------
.intvecs   0    00020000    0000026c     
                  00020000    0000026c     tm4c123gh6pm_startup_ccs.obj (.intvecs)

.text      0    0002026c    00000fd6     
                  0002026c    000001f4     App.obj (.text)
                  00020460    0000016c     driverlib.lib : gpio.obj (.text:GPIOPadConfigSet)
                  000205cc    00000130                   : can.obj (.text:CANMessageSet)
                  000206fc    00000118                   : sysctl.obj (.text:SysCtlClockGet)
                  00020814    00000116                   : can.obj (.text:CANMessageGet)
                  0002092a    00000002     --HOLE-- [fill = 0]
                  0002092c    00000100     main.obj (.text)
                  00020a2c    000000f4     driverlib.lib : sysctl.obj (.text:SysCtlClockSet)
                  00020b20    0000009c     rtsv7M4_T_le_v4SPD16_eabi.lib : memcpy_t2.asm.obj (.text)
                  00020bbc    0000007a                                   : memset_t2.asm.obj (.text)
                  00020c36    00000002     --HOLE-- [fill = 0]
                  00020c38    0000006c     driverlib.lib : can.obj (.text:CANBitRateSet)
                  00020ca4    00000068                   : flash.obj (.text:FlashProgram)
                  00020d0c    00000068                   : interrupt.obj (.text:IntEnable)
                  00020d74    00000068     rtsv7M4_T_le_v4SPD16_eabi.lib : copy_decompress_lzss.c.obj (.text:decompress:lzss:__TI_decompress_lzss)
                  00020ddc    0000005c     driverlib.lib : can.obj (.text:_CANIntNumberGet)
                  00020e38    00000058                   : gpio.obj (.text:GPIOIntTypeSet)
                  00020e90    0000004c                   : gpio.obj (.text:GPIOPinConfigure)
                  00020edc    00000044     rtsv7M4_T_le_v4SPD16_eabi.lib : autoinit.c.obj (.text:__TI_auto_init_nobinit_nopinit:__TI_auto_init_nobinit_nopinit)
                  00020f20    00000040     driverlib.lib : can.obj (.text:CANStatusGet)
                  00020f60    0000003a                   : can.obj (.text:CANInit)
                  00020f9a    00000002     --HOLE-- [fill = 0]
                  00020f9c    00000038                   : sysctl.obj (.text:SysCtlPeripheralReady)
                  00020fd4    00000034                   : interrupt.obj (.text:IntRegister)
                  00021008    00000034                   : sysctl.obj (.text:SysCtlPeripheralEnable)
                  0002103c    00000034     rtsv7M4_T_le_v4SPD16_eabi.lib : boot_cortex_m.c.obj (.text:_c_int00_noargs:_c_int00_noargs)
                  00021070    00000030     driverlib.lib : flash.obj (.text:FlashErase)
                  000210a0    0000002c                   : gpio.obj (.text:GPIODirModeSet)
                  000210cc    0000002a                   : can.obj (.text:_CANDataRegRead)
                  000210f6    00000024                   : can.obj (.text:_CANDataRegWrite)
                  0002111a    00000022                   : can.obj (.text:CANIntClear)
                  0002113c    00000020                   : can.obj (.text:CANIntStatus)
                  0002115c    0000001a                   : gpio.obj (.text:GPIOPinTypeGPIOOutput)
                  00021176    00000018                   : can.obj (.text:CANIntRegister)
                  0002118e    00000016                   : gpio.obj (.text:GPIOPinTypeCAN)
                  000211a4    00000016                   : gpio.obj (.text:GPIOPinTypeGPIOInput)
                  000211ba    00000002     --HOLE-- [fill = 0]
                  000211bc    00000014                   : systick.obj (.text:SysTickDisable)
                  000211d0    00000014                   : systick.obj (.text:SysTickIntDisable)
                  000211e4    0000000e     rtsv7M4_T_le_v4SPD16_eabi.lib : copy_decompress_none.c.obj (.text:decompress:none:__TI_decompress_none)
                  000211f2    0000000c     driverlib.lib : gpio.obj (.text:GPIOIntEnable)
                  000211fe    0000000c     rtsv7M4_T_le_v4SPD16_eabi.lib : copy_zero_init.c.obj (.text:decompress:ZI:__TI_zero_init)
                  0002120a    0000000c     tm4c123gh6pm_startup_ccs.obj (.text)
                  00021216    0000000a     driverlib.lib : can.obj (.text:CANEnable)
                  00021220    00000008                   : can.obj (.text:CANIntEnable)
                  00021228    00000006                   : gpio.obj (.text:GPIOIntClear)
                  0002122e    00000006                   : gpio.obj (.text:GPIOPinWrite)
                  00021234    00000006                   : sysctl.obj (.text:SysCtlDelay)
                  0002123a    00000004     rtsv7M4_T_le_v4SPD16_eabi.lib : pre_init.c.obj (.text:_system_pre_init)
                  0002123e    00000004                                   : exit.c.obj (.text:abort:abort)

.const     0    00021244    00000130     
                  00021244    00000090     driverlib.lib : gpio.obj (.const:g_pui32GPIOBaseAddrs)
                  000212d4    0000006c                   : sysctl.obj (.const:g_pui32Xtals)
                  00021340    00000020                   : can.obj (.const:g_ui16CANBitValues)
                  00021360    00000014                   : interrupt.obj (.const:g_pui32EnRegs)

.cinit     0    00021378    00000040     
                  00021378    0000000c     (__TI_handler_table)
                  00021384    0000000b     (.cinit..data.load) [load image, compression = lzss]
                  0002138f    00000001     --HOLE-- [fill = 0]
                  00021390    00000008     (.cinit..bss.load) [load image, compression = zero_init]
                  00021398    00000008     (.cinit..vtable.load) [load image, compression = zero_init]
                  000213a0    00000018     (__TI_cinit_table)

.init_array 
*          0    00020000    00000000     UNINITIALIZED

.vtable    0    20000000    0000026c     UNINITIALIZED
                  20000000    0000026c     driverlib.lib : interrupt.obj (.vtable)

.bss       0    2000026c    0000235c     UNINITIALIZED
                  2000026c    00002340     (.common:APP1_image_0)
                  200025ac    00000014     (.common:sCANMessage)
                  200025c0    00000008     (.common:pui8MsgData)

.data      0    200027c8    0000000e     UNINITIALIZED
                  200027c8    00000008     main.obj (.data)
                  200027d0    00000006     App.obj (.data)

.stack     0    200025c8    00000200     UNINITIALIZED
                  200025c8    00000004     rtsv7M4_T_le_v4SPD16_eabi.lib : boot_cortex_m.c.obj (.stack)
                  200025cc    000001fc     --HOLE--

__llvm_prf_cnts 
*          0    20000000    00000000     UNINITIALIZED

MODULE SUMMARY

       Module                         code   ro data   rw data
       ------                         ----   -------   -------
    .\
       main.obj                       256    0         9060   
       tm4c123gh6pm_startup_ccs.obj   12     620       0      
    +--+------------------------------+------+---------+---------+
       Total:                         268    620       9060   
                                                              
    .\App\
       App.obj                        500    0         6      
    +--+------------------------------+------+---------+---------+
       Total:                         500    0         6      
                                                              
    C:/ti/TivaWare_C_Series-2.2.0.295/driverlib/ccs/Debug/driverlib.lib
       can.obj                        1090   32        0      
       gpio.obj                       666    144       0      
       interrupt.obj                  156    20        620    
       sysctl.obj                     638    108       0      
       flash.obj                      152    0         0      
       systick.obj                    40     0         0      
    +--+------------------------------+------+---------+---------+
       Total:                         2742   304       620    
                                                              
    C:\ti\ccs1240\ccs\tools\compiler\ti-cgt-arm_20.2.7.LTS\lib\rtsv7M4_T_le_v4SPD16_eabi.lib
       memcpy_t2.asm.obj              156    0         0      
       memset_t2.asm.obj              122    0         0      
       copy_decompress_lzss.c.obj     104    0         0      
       autoinit.c.obj                 68     0         0      
       boot_cortex_m.c.obj            52     0         0      
       copy_decompress_none.c.obj     14     0         0      
       copy_zero_init.c.obj           12     0         0      
       exit.c.obj                     4      0         0      
       pre_init.c.obj                 4      0         0      
    +--+------------------------------+------+---------+---------+
       Total:                         536    0         0      
                                                              
       Stack:                         0      0         512    
       Linker Generated:              0      63        0      
    +--+------------------------------+------+---------+---------+
       Grand Total:                   4046   987       10198  


LINKER GENERATED COPY TABLES

__TI_cinit_table @ 000213a0 records: 3, size/record: 8, table size: 24
	.data: load addr=00021384, load size=0000000b bytes, run addr=200027c8, run size=0000000e bytes, compression=lzss
	.bss: load addr=00021390, load size=00000008 bytes, run addr=2000026c, run size=0000235c bytes, compression=zero_init
	.vtable: load addr=00021398, load size=00000008 bytes, run addr=20000000, run size=0000026c bytes, compression=zero_init


LINKER GENERATED HANDLER TABLE

__TI_handler_table @ 00021378 records: 3, size/record: 4, table size: 12
	index: 0, handler: __TI_zero_init
	index: 1, handler: __TI_decompress_lzss
	index: 2, handler: __TI_decompress_none


GLOBAL SYMBOLS: SORTED ALPHABETICALLY BY Name 

address   name                          
-------   ----                          
2000026c  APP1_image_0                  
0002123f  C$$EXIT                       
00020c39  CANBitRateSet                 
00021217  CANEnable                     
00020f61  CANInit                       
0002111b  CANIntClear                   
00021221  CANIntEnable                  
000203cd  CANIntHandler                 
00021177  CANIntRegister                
0002113d  CANIntStatus                  
00020815  CANMessageGet                 
000205cd  CANMessageSet                 
00020f21  CANStatusGet                  
00020395  CAN_MessageInit               
00020941  CAN_receiveFirmware           
00020341  Can_Init                      
00021071  FlashErase                    
00020ca5  FlashProgram                  
000210a1  GPIODirModeSet                
0002092d  GPIOFIntHandler               
00021229  GPIOIntClear                  
000211f3  GPIOIntEnable                 
00020e39  GPIOIntTypeSet                
00020461  GPIOPadConfigSet              
00020e91  GPIOPinConfigure              
0002118f  GPIOPinTypeCAN                
000211a5  GPIOPinTypeGPIOInput          
0002115d  GPIOPinTypeGPIOOutput         
0002122f  GPIOPinWrite                  
00020d0d  IntEnable                     
00020fd5  IntRegister                   
000202c9  JumpToBootLoader              
0002120b  ResetISR                      
000203c3  SimpleDelay                   
000206fd  SysCtlClockGet                
00020a2d  SysCtlClockSet                
00021235  SysCtlDelay                   
00021009  SysCtlPeripheralEnable        
00020f9d  SysCtlPeripheralReady         
000211bd  SysTickDisable                
000211d1  SysTickIntDisable             
000202fb  UpdateFirmWare                
200027c8  __STACK_END                   
00000200  __STACK_SIZE                  
200027c8  __STACK_TOP                   
000213a0  __TI_CINIT_Base               
000213b8  __TI_CINIT_Limit              
00021378  __TI_Handler_Table_Base       
00021384  __TI_Handler_Table_Limit      
00020edd  __TI_auto_init_nobinit_nopinit
00020d75  __TI_decompress_lzss          
000211e5  __TI_decompress_none          
ffffffff  __TI_pprof_out_hndl           
ffffffff  __TI_prof_data_size           
ffffffff  __TI_prof_data_start          
00021378  __TI_static_base__            
000211ff  __TI_zero_init                
00020bbd  __aeabi_memclr                
00020bbd  __aeabi_memclr4               
00020bbd  __aeabi_memclr8               
00020b21  __aeabi_memcpy                
00020b21  __aeabi_memcpy4               
00020b21  __aeabi_memcpy8               
00020bbf  __aeabi_memset                
00020bbf  __aeabi_memset4               
00020bbf  __aeabi_memset8               
ffffffff  __binit__                     
ffffffff  __c_args__                    
UNDEFED   __mpu_init                    
200025c8  __stack                       
20000000  __start___llvm_prf_cnts       
20000000  __stop___llvm_prf_cnts        
0002103d  _c_int00_noargs               
UNDEFED   _system_post_cinit            
0002123b  _system_pre_init              
0002123f  abort                         
ffffffff  binit                         
200027cc  current_APP_Addr              
200027d5  g_bErrFlag                    
200027d4  g_bRXFlag                     
20000000  g_pfnRAMVectors               
00020000  g_pfnVectors                  
200027d0  g_ui32MsgCount                
000209a3  main                          
00020b21  memcpy                        
00020bc5  memset                        
200027c8  new_APP_Addr                  
200025c0  pui8MsgData                   
200025ac  sCANMessage                   
0002026d  system_Config                 


GLOBAL SYMBOLS: SORTED BY Symbol Address 

address   name                          
-------   ----                          
00000200  __STACK_SIZE                  
00020000  g_pfnVectors                  
0002026d  system_Config                 
000202c9  JumpToBootLoader              
000202fb  UpdateFirmWare                
00020341  Can_Init                      
00020395  CAN_MessageInit               
000203c3  SimpleDelay                   
000203cd  CANIntHandler                 
00020461  GPIOPadConfigSet              
000205cd  CANMessageSet                 
000206fd  SysCtlClockGet                
00020815  CANMessageGet                 
0002092d  GPIOFIntHandler               
00020941  CAN_receiveFirmware           
000209a3  main                          
00020a2d  SysCtlClockSet                
00020b21  __aeabi_memcpy                
00020b21  __aeabi_memcpy4               
00020b21  __aeabi_memcpy8               
00020b21  memcpy                        
00020bbd  __aeabi_memclr                
00020bbd  __aeabi_memclr4               
00020bbd  __aeabi_memclr8               
00020bbf  __aeabi_memset                
00020bbf  __aeabi_memset4               
00020bbf  __aeabi_memset8               
00020bc5  memset                        
00020c39  CANBitRateSet                 
00020ca5  FlashProgram                  
00020d0d  IntEnable                     
00020d75  __TI_decompress_lzss          
00020e39  GPIOIntTypeSet                
00020e91  GPIOPinConfigure              
00020edd  __TI_auto_init_nobinit_nopinit
00020f21  CANStatusGet                  
00020f61  CANInit                       
00020f9d  SysCtlPeripheralReady         
00020fd5  IntRegister                   
00021009  SysCtlPeripheralEnable        
0002103d  _c_int00_noargs               
00021071  FlashErase                    
000210a1  GPIODirModeSet                
0002111b  CANIntClear                   
0002113d  CANIntStatus                  
0002115d  GPIOPinTypeGPIOOutput         
00021177  CANIntRegister                
0002118f  GPIOPinTypeCAN                
000211a5  GPIOPinTypeGPIOInput          
000211bd  SysTickDisable                
000211d1  SysTickIntDisable             
000211e5  __TI_decompress_none          
000211f3  GPIOIntEnable                 
000211ff  __TI_zero_init                
0002120b  ResetISR                      
00021217  CANEnable                     
00021221  CANIntEnable                  
00021229  GPIOIntClear                  
0002122f  GPIOPinWrite                  
00021235  SysCtlDelay                   
0002123b  _system_pre_init              
0002123f  C$$EXIT                       
0002123f  abort                         
00021378  __TI_Handler_Table_Base       
00021378  __TI_static_base__            
00021384  __TI_Handler_Table_Limit      
000213a0  __TI_CINIT_Base               
000213b8  __TI_CINIT_Limit              
20000000  __start___llvm_prf_cnts       
20000000  __stop___llvm_prf_cnts        
20000000  g_pfnRAMVectors               
2000026c  APP1_image_0                  
200025ac  sCANMessage                   
200025c0  pui8MsgData                   
200025c8  __stack                       
200027c8  __STACK_END                   
200027c8  __STACK_TOP                   
200027c8  new_APP_Addr                  
200027cc  current_APP_Addr              
200027d0  g_ui32MsgCount                
200027d4  g_bRXFlag                     
200027d5  g_bErrFlag                    
ffffffff  __TI_pprof_out_hndl           
ffffffff  __TI_prof_data_size           
ffffffff  __TI_prof_data_start          
ffffffff  __binit__                     
ffffffff  __c_args__                    
ffffffff  binit                         
UNDEFED   __mpu_init                    
UNDEFED   _system_post_cinit            

[90 symbols]
