******************************************************************************
                  TI ARM Linker PC v20.2.7                     
******************************************************************************
>> Linked Sat Sep 23 10:15:49 2023

OUTPUT FILE NAME:   <LDR Project.out>
ENTRY POINT SYMBOL: "_c_int00_noinit_noargs"  address: 000005ad


MEMORY CONFIGURATION

         name            origin    length      used     unused   attr    fill
----------------------  --------  ---------  --------  --------  ----  --------
  FLASH                 00000000   00040000  00000650  0003f9b0  R  X
  SRAM                  20000000   00008000  00000200  00007e00  RW X


SEGMENT ALLOCATION MAP

run origin  load origin   length   init length attrs members
----------  ----------- ---------- ----------- ----- -------
00000000    00000000    00000650   00000650    r-x
  00000000    00000000    0000026c   0000026c    r-- .intvecs
  0000026c    0000026c    000003e4   000003e4    r-x .text
20000000    20000000    00000200   00000000    rw-
  20000000    20000000    00000200   00000000    rw- .stack


SECTION ALLOCATION MAP

 output                                  attributes/
section   page    origin      length       input sections
--------  ----  ----------  ----------   ----------------
.intvecs   0    00000000    0000026c     
                  00000000    0000026c     tm4c123gh6pm_startup_ccs.obj (.intvecs)

.text      0    0000026c    000003e4     
                  0000026c    0000016c     driverlib.lib : gpio.obj (.text:GPIOPadConfigSet)
                  000003d8    0000007a                   : adc.obj (.text:ADCSequenceStepConfigure)
                  00000452    00000002     --HOLE-- [fill = 0]
                  00000454    00000078     main.obj (.text)
                  000004cc    0000004e     driverlib.lib : adc.obj (.text:ADCSequenceConfigure)
                  0000051a    00000002     --HOLE-- [fill = 0]
                  0000051c    00000034                   : sysctl.obj (.text:SysCtlPeripheralEnable)
                  00000550    0000002e                   : adc.obj (.text:ADCIntStatus)
                  0000057e    0000002c                   : gpio.obj (.text:GPIODirModeSet)
                  000005aa    00000002     --HOLE-- [fill = 0]
                  000005ac    0000002c     rtsv7M4_T_le_v4SPD16_eabi.lib : boot_cortex_m.c.obj (.text:_c_int00_noinit_noargs:_c_int00_noinit_noargs)
                  000005d8    0000001e     driverlib.lib : adc.obj (.text:ADCSequenceDataGet)
                  000005f6    00000018                   : adc.obj (.text:ADCProcessorTrigger)
                  0000060e    00000016                   : gpio.obj (.text:GPIOPinTypeADC)
                  00000624    0000000e                   : adc.obj (.text:ADCSequenceEnable)
                  00000632    0000000c     tm4c123gh6pm_startup_ccs.obj (.text)
                  0000063e    0000000a     driverlib.lib : adc.obj (.text:ADCIntClear)
                  00000648    00000004     rtsv7M4_T_le_v4SPD16_eabi.lib : pre_init.c.obj (.text:_system_pre_init)
                  0000064c    00000004                                   : exit.c.obj (.text:abort:abort)

.cinit     0    00000000    00000000     UNINITIALIZED

.init_array 
*          0    00000000    00000000     UNINITIALIZED

.stack     0    20000000    00000200     UNINITIALIZED
                  20000000    00000004     rtsv7M4_T_le_v4SPD16_eabi.lib : boot_cortex_m.c.obj (.stack)
                  20000004    000001fc     --HOLE--

__llvm_prf_cnts 
*          0    20000000    00000000     UNINITIALIZED

MODULE SUMMARY

       Module                         code   ro data   rw data
       ------                         ----   -------   -------
    .\
       tm4c123gh6pm_startup_ccs.obj   12     620       0      
       main.obj                       120    0         0      
    +--+------------------------------+------+---------+---------+
       Total:                         132    620       0      
                                                              
    C:/ti/TivaWare_C_Series-2.2.0.295/driverlib/ccs/Debug/driverlib.lib
       gpio.obj                       430    0         0      
       adc.obj                        324    0         0      
       sysctl.obj                     52     0         0      
    +--+------------------------------+------+---------+---------+
       Total:                         806    0         0      
                                                              
    C:\ti\ccs1240\ccs\tools\compiler\ti-cgt-arm_20.2.7.LTS\lib\rtsv7M4_T_le_v4SPD16_eabi.lib
       boot_cortex_m.c.obj            44     0         0      
       exit.c.obj                     4      0         0      
       pre_init.c.obj                 4      0         0      
    +--+------------------------------+------+---------+---------+
       Total:                         52     0         0      
                                                              
       Stack:                         0      0         512    
    +--+------------------------------+------+---------+---------+
       Grand Total:                   990    620       512    


GLOBAL SYMBOLS: SORTED ALPHABETICALLY BY Name 

address   name                    
-------   ----                    
0000063f  ADCIntClear             
00000551  ADCIntStatus            
000005f7  ADCProcessorTrigger     
000004cd  ADCSequenceConfigure    
000005d9  ADCSequenceDataGet      
00000625  ADCSequenceEnable       
000003d9  ADCSequenceStepConfigure
0000064d  C$$EXIT                 
0000057f  GPIODirModeSet          
0000026d  GPIOPadConfigSet        
0000060f  GPIOPinTypeADC          
00000633  ResetISR                
0000051d  SysCtlPeripheralEnable  
20000200  __STACK_END             
00000200  __STACK_SIZE            
20000200  __STACK_TOP             
ffffffff  __TI_pprof_out_hndl     
ffffffff  __TI_prof_data_size     
ffffffff  __TI_prof_data_start    
00000000  __TI_static_base__      
ffffffff  __binit__               
ffffffff  __c_args__              
UNDEFED   __mpu_init              
20000000  __stack                 
20000000  __start___llvm_prf_cnts 
20000000  __stop___llvm_prf_cnts  
000005ad  _c_int00_noinit_noargs  
00000649  _system_pre_init        
0000064d  abort                   
ffffffff  binit                   
00000000  g_pfnVectors            
00000455  main                    


GLOBAL SYMBOLS: SORTED BY Symbol Address 

address   name                    
-------   ----                    
00000000  __TI_static_base__      
00000000  g_pfnVectors            
00000200  __STACK_SIZE            
0000026d  GPIOPadConfigSet        
000003d9  ADCSequenceStepConfigure
00000455  main                    
000004cd  ADCSequenceConfigure    
0000051d  SysCtlPeripheralEnable  
00000551  ADCIntStatus            
0000057f  GPIODirModeSet          
000005ad  _c_int00_noinit_noargs  
000005d9  ADCSequenceDataGet      
000005f7  ADCProcessorTrigger     
0000060f  GPIOPinTypeADC          
00000625  ADCSequenceEnable       
00000633  ResetISR                
0000063f  ADCIntClear             
00000649  _system_pre_init        
0000064d  C$$EXIT                 
0000064d  abort                   
20000000  __stack                 
20000000  __start___llvm_prf_cnts 
20000000  __stop___llvm_prf_cnts  
20000200  __STACK_END             
20000200  __STACK_TOP             
ffffffff  __TI_pprof_out_hndl     
ffffffff  __TI_prof_data_size     
ffffffff  __TI_prof_data_start    
ffffffff  __binit__               
ffffffff  __c_args__              
ffffffff  binit                   
UNDEFED   __mpu_init              

[32 symbols]
