******************************************************************************
                  TI ARM Linker PC v20.2.7                     
******************************************************************************
>> Linked Wed Oct 11 22:31:12 2023

OUTPUT FILE NAME:   <Bootloader_CAN_Tx.out>
ENTRY POINT SYMBOL: "_c_int00_noargs"  address: 00000e95


MEMORY CONFIGURATION

         name            origin    length      used     unused   attr    fill
----------------------  --------  ---------  --------  --------  ----  --------
  FLASH                 00000000   00040000  0000320e  0003cdf2  R  X
  SRAM                  20000000   00008000  00002bea  00005416  RW X


SEGMENT ALLOCATION MAP

run origin  load origin   length   init length attrs members
----------  ----------- ---------- ----------- ----- -------
00000000    00000000    00003210   00003210    r-x
  00000000    00000000    0000026c   0000026c    r-- .intvecs
  0000026c    0000026c    00000dba   00000dba    r-x .text
  00001028    00001028    00000138   00000138    r-- .const
  00001160    00001160    000020b0   000020b0    r-- .cinit
20000000    20000000    00002bf0   00000000    rw-
  20000000    20000000    0000026c   00000000    rw- .vtable
  2000026c    2000026c    0000277e   00000000    rw- .data
  200029f0    200029f0    00000200   00000000    rw- .stack


SECTION ALLOCATION MAP

 output                                  attributes/
section   page    origin      length       input sections
--------  ----  ----------  ----------   ----------------
.intvecs   0    00000000    0000026c     
                  00000000    0000026c     tm4c123gh6pm_startup_ccs.obj (.intvecs)

.text      0    0000026c    00000dba     
                  0000026c    000001b0     App.obj (.text)
                  0000041c    00000198     main.obj (.text)
                  000005b4    0000016c     driverlib.lib : gpio.obj (.text:GPIOPadConfigSet)
                  00000720    00000130                   : can.obj (.text:CANMessageSet)
                  00000850    00000118                   : sysctl.obj (.text:SysCtlClockGet)
                  00000968    000000f4                   : sysctl.obj (.text:SysCtlClockSet)
                  00000a5c    0000009c     rtsv7M4_T_le_v4SPD16_eabi.lib : memcpy_t2.asm.obj (.text)
                  00000af8    0000006c     driverlib.lib : can.obj (.text:CANBitRateSet)
                  00000b64    00000068                   : interrupt.obj (.text:IntEnable)
                  00000bcc    00000068     rtsv7M4_T_le_v4SPD16_eabi.lib : copy_decompress_lzss.c.obj (.text:decompress:lzss:__TI_decompress_lzss)
                  00000c34    0000005c     driverlib.lib : can.obj (.text:_CANIntNumberGet)
                  00000c90    00000058                   : gpio.obj (.text:GPIOIntTypeSet)
                  00000ce8    0000004c                   : gpio.obj (.text:GPIOPinConfigure)
                  00000d34    00000044     rtsv7M4_T_le_v4SPD16_eabi.lib : autoinit.c.obj (.text:__TI_auto_init_nobinit_nopinit:__TI_auto_init_nobinit_nopinit)
                  00000d78    00000040     driverlib.lib : can.obj (.text:CANStatusGet)
                  00000db8    0000003a                   : can.obj (.text:CANInit)
                  00000df2    00000002     --HOLE-- [fill = 0]
                  00000df4    00000038                   : sysctl.obj (.text:SysCtlPeripheralReady)
                  00000e2c    00000034                   : interrupt.obj (.text:IntRegister)
                  00000e60    00000034                   : sysctl.obj (.text:SysCtlPeripheralEnable)
                  00000e94    00000034     rtsv7M4_T_le_v4SPD16_eabi.lib : boot_cortex_m.c.obj (.text:_c_int00_noargs:_c_int00_noargs)
                  00000ec8    0000002c     driverlib.lib : gpio.obj (.text:GPIODirModeSet)
                  00000ef4    00000024                   : can.obj (.text:_CANDataRegWrite)
                  00000f18    00000022                   : can.obj (.text:CANIntClear)
                  00000f3a    00000020                   : can.obj (.text:CANIntStatus)
                  00000f5a    0000001c     rtsv7M4_T_le_v4SPD16_eabi.lib : copy_zero_init.c.obj (.text:decompress:ZI:__TI_zero_init_nomemset:__TI_zero_init_nomemset)
                  00000f76    0000001a     driverlib.lib : gpio.obj (.text:GPIOPinTypeGPIOOutput)
                  00000f90    00000018                   : can.obj (.text:CANIntRegister)
                  00000fa8    00000016                   : gpio.obj (.text:GPIOPinTypeCAN)
                  00000fbe    00000016                   : gpio.obj (.text:GPIOPinTypeGPIOInput)
                  00000fd4    0000000e     rtsv7M4_T_le_v4SPD16_eabi.lib : copy_decompress_none.c.obj (.text:decompress:none:__TI_decompress_none)
                  00000fe2    0000000c     driverlib.lib : gpio.obj (.text:GPIOIntEnable)
                  00000fee    0000000c     tm4c123gh6pm_startup_ccs.obj (.text)
                  00000ffa    0000000a     driverlib.lib : can.obj (.text:CANEnable)
                  00001004    00000008                   : can.obj (.text:CANIntEnable)
                  0000100c    00000006                   : gpio.obj (.text:GPIOIntClear)
                  00001012    00000006                   : gpio.obj (.text:GPIOPinWrite)
                  00001018    00000006                   : sysctl.obj (.text:SysCtlDelay)
                  0000101e    00000004     rtsv7M4_T_le_v4SPD16_eabi.lib : pre_init.c.obj (.text:_system_pre_init)
                  00001022    00000004                                   : exit.c.obj (.text:abort:abort)

.const     0    00001028    00000138     
                  00001028    00000090     driverlib.lib : gpio.obj (.const:g_pui32GPIOBaseAddrs)
                  000010b8    0000006c                   : sysctl.obj (.const:g_pui32Xtals)
                  00001124    00000020                   : can.obj (.const:g_ui16CANBitValues)
                  00001144    00000014                   : interrupt.obj (.const:g_pui32EnRegs)
                  00001158    00000008     main.obj (.const:.string:$P$T0$1)

.cinit     0    00001160    000020b0     
                  00001160    0000208b     (.cinit..data.load) [load image, compression = lzss]
                  000031eb    00000001     --HOLE-- [fill = 0]
                  000031ec    0000000c     (__TI_handler_table)
                  000031f8    00000008     (.cinit..vtable.load) [load image, compression = zero_init]
                  00003200    00000010     (__TI_cinit_table)

.init_array 
*          0    00000000    00000000     UNINITIALIZED

.vtable    0    20000000    0000026c     UNINITIALIZED
                  20000000    0000026c     driverlib.lib : interrupt.obj (.vtable)

.data      0    2000026c    0000277e     UNINITIALIZED
                  2000026c    000013c0     main.obj (.data:Flash1_image_0)
                  2000162c    000013b8     main.obj (.data:Flash2_image_0)
                  200029e4    00000005     App.obj (.data)
                  200029e9    00000001     main.obj (.data)

.stack     0    200029f0    00000200     UNINITIALIZED
                  200029f0    00000004     rtsv7M4_T_le_v4SPD16_eabi.lib : boot_cortex_m.c.obj (.stack)
                  200029f4    000001fc     --HOLE--

__llvm_prf_cnts 
*          0    20000000    00000000     UNINITIALIZED

MODULE SUMMARY

       Module                         code   ro data   rw data
       ------                         ----   -------   -------
    .\
       main.obj                       408    8         10105  
       tm4c123gh6pm_startup_ccs.obj   12     620       0      
    +--+------------------------------+------+---------+---------+
       Total:                         420    628       10105  
                                                              
    .\App\
       App.obj                        432    0         5      
    +--+------------------------------+------+---------+---------+
       Total:                         432    0         5      
                                                              
    C:/ti/TivaWare_C_Series-2.2.0.295/driverlib/ccs/Debug/driverlib.lib
       gpio.obj                       666    144       0      
       can.obj                        770    32        0      
       interrupt.obj                  156    20        620    
       sysctl.obj                     638    108       0      
    +--+------------------------------+------+---------+---------+
       Total:                         2230   304       620    
                                                              
    C:\ti\ccs1240\ccs\tools\compiler\ti-cgt-arm_20.2.7.LTS\lib\rtsv7M4_T_le_v4SPD16_eabi.lib
       memcpy_t2.asm.obj              156    0         0      
       copy_decompress_lzss.c.obj     104    0         0      
       autoinit.c.obj                 68     0         0      
       boot_cortex_m.c.obj            52     0         0      
       copy_zero_init.c.obj           28     0         0      
       copy_decompress_none.c.obj     14     0         0      
       exit.c.obj                     4      0         0      
       pre_init.c.obj                 4      0         0      
    +--+------------------------------+------+---------+---------+
       Total:                         430    0         0      
                                                              
       Stack:                         0      0         512    
       Linker Generated:              0      8367      0      
    +--+------------------------------+------+---------+---------+
       Grand Total:                   3512   9299      11242  


LINKER GENERATED COPY TABLES

__TI_cinit_table @ 00003200 records: 2, size/record: 8, table size: 16
	.data: load addr=00001160, load size=0000208b bytes, run addr=2000026c, run size=0000277e bytes, compression=lzss
	.vtable: load addr=000031f8, load size=00000008 bytes, run addr=20000000, run size=0000026c bytes, compression=zero_init


LINKER GENERATED HANDLER TABLE

__TI_handler_table @ 000031ec records: 3, size/record: 4, table size: 12
	index: 0, handler: __TI_zero_init
	index: 1, handler: __TI_decompress_lzss
	index: 2, handler: __TI_decompress_none


GLOBAL SYMBOLS: SORTED ALPHABETICALLY BY Name 

address   name                          
-------   ----                          
00001023  C$$EXIT                       
00000af9  CANBitRateSet                 
00000ffb  CANEnable                     
00000db9  CANInit                       
00000f19  CANIntClear                   
00001005  CANIntEnable                  
00000369  CANIntHandler                 
00000f91  CANIntRegister                
00000f3b  CANIntStatus                  
00000721  CANMessageSet                 
00000d79  CANStatusGet                  
0000032d  CAN_MessageInit               
000003c5  CAN_receiveData               
000003af  CAN_sendData                  
000002d9  Can_Init                      
2000026c  Flash1_image_0                
2000162c  Flash2_image_0                
00000ec9  GPIODirModeSet                
0000041d  GPIOFIntHandler               
0000100d  GPIOIntClear                  
00000fe3  GPIOIntEnable                 
00000c91  GPIOIntTypeSet                
000005b5  GPIOPadConfigSet              
00000ce9  GPIOPinConfigure              
00000fa9  GPIOPinTypeCAN                
00000fbf  GPIOPinTypeGPIOInput          
00000f77  GPIOPinTypeGPIOOutput         
00001013  GPIOPinWrite                  
00000b65  IntEnable                     
00000e2d  IntRegister                   
00000fef  ResetISR                      
0000035b  SimpleDelay                   
00000851  SysCtlClockGet                
00000969  SysCtlClockSet                
00001019  SysCtlDelay                   
00000e61  SysCtlPeripheralEnable        
00000df5  SysCtlPeripheralReady         
20002bf0  __STACK_END                   
00000200  __STACK_SIZE                  
20002bf0  __STACK_TOP                   
00003200  __TI_CINIT_Base               
00003210  __TI_CINIT_Limit              
000031ec  __TI_Handler_Table_Base       
000031f8  __TI_Handler_Table_Limit      
00000d35  __TI_auto_init_nobinit_nopinit
00000bcd  __TI_decompress_lzss          
00000fd5  __TI_decompress_none          
ffffffff  __TI_pprof_out_hndl           
ffffffff  __TI_prof_data_size           
ffffffff  __TI_prof_data_start          
00000000  __TI_static_base__            
00000f5b  __TI_zero_init_nomemset       
00000a5d  __aeabi_memcpy                
00000a5d  __aeabi_memcpy4               
00000a5d  __aeabi_memcpy8               
ffffffff  __binit__                     
ffffffff  __c_args__                    
UNDEFED   __mpu_init                    
200029f0  __stack                       
20000000  __start___llvm_prf_cnts       
20000000  __stop___llvm_prf_cnts        
00000e95  _c_int00_noargs               
UNDEFED   _system_post_cinit            
0000101f  _system_pre_init              
00001023  abort                         
ffffffff  binit                         
200029e8  g_bErrFlag                    
20000000  g_pfnRAMVectors               
00000000  g_pfnVectors                  
200029e4  g_ui32MsgCount                
00000451  main                          
00000a5d  memcpy                        
200029e9  sendFirmware_flag             
0000026d  system_Config                 


GLOBAL SYMBOLS: SORTED BY Symbol Address 

address   name                          
-------   ----                          
00000000  __TI_static_base__            
00000000  g_pfnVectors                  
00000200  __STACK_SIZE                  
0000026d  system_Config                 
000002d9  Can_Init                      
0000032d  CAN_MessageInit               
0000035b  SimpleDelay                   
00000369  CANIntHandler                 
000003af  CAN_sendData                  
000003c5  CAN_receiveData               
0000041d  GPIOFIntHandler               
00000451  main                          
000005b5  GPIOPadConfigSet              
00000721  CANMessageSet                 
00000851  SysCtlClockGet                
00000969  SysCtlClockSet                
00000a5d  __aeabi_memcpy                
00000a5d  __aeabi_memcpy4               
00000a5d  __aeabi_memcpy8               
00000a5d  memcpy                        
00000af9  CANBitRateSet                 
00000b65  IntEnable                     
00000bcd  __TI_decompress_lzss          
00000c91  GPIOIntTypeSet                
00000ce9  GPIOPinConfigure              
00000d35  __TI_auto_init_nobinit_nopinit
00000d79  CANStatusGet                  
00000db9  CANInit                       
00000df5  SysCtlPeripheralReady         
00000e2d  IntRegister                   
00000e61  SysCtlPeripheralEnable        
00000e95  _c_int00_noargs               
00000ec9  GPIODirModeSet                
00000f19  CANIntClear                   
00000f3b  CANIntStatus                  
00000f5b  __TI_zero_init_nomemset       
00000f77  GPIOPinTypeGPIOOutput         
00000f91  CANIntRegister                
00000fa9  GPIOPinTypeCAN                
00000fbf  GPIOPinTypeGPIOInput          
00000fd5  __TI_decompress_none          
00000fe3  GPIOIntEnable                 
00000fef  ResetISR                      
00000ffb  CANEnable                     
00001005  CANIntEnable                  
0000100d  GPIOIntClear                  
00001013  GPIOPinWrite                  
00001019  SysCtlDelay                   
0000101f  _system_pre_init              
00001023  C$$EXIT                       
00001023  abort                         
000031ec  __TI_Handler_Table_Base       
000031f8  __TI_Handler_Table_Limit      
00003200  __TI_CINIT_Base               
00003210  __TI_CINIT_Limit              
20000000  __start___llvm_prf_cnts       
20000000  __stop___llvm_prf_cnts        
20000000  g_pfnRAMVectors               
2000026c  Flash1_image_0                
2000162c  Flash2_image_0                
200029e4  g_ui32MsgCount                
200029e8  g_bErrFlag                    
200029e9  sendFirmware_flag             
200029f0  __stack                       
20002bf0  __STACK_END                   
20002bf0  __STACK_TOP                   
ffffffff  __TI_pprof_out_hndl           
ffffffff  __TI_prof_data_size           
ffffffff  __TI_prof_data_start          
ffffffff  __binit__                     
ffffffff  __c_args__                    
ffffffff  binit                         
UNDEFED   __mpu_init                    
UNDEFED   _system_post_cinit            

[74 symbols]
